algorithm,percentile of pool members,selection probability
Legacy,0.0,0.0
Legacy,0.41841004184100417,0.0
Legacy,0.8368200836820083,0.0
Legacy,1.2552301255230125,0.0001
Legacy,1.6736401673640167,0.0002
Legacy,2.092050209205021,0.0002
Legacy,2.510460251046025,0.0002
Legacy,2.928870292887029,0.0002
Legacy,3.3472803347280333,0.0002
Legacy,3.765690376569038,0.0002
Legacy,4.184100418410042,0.0003
Legacy,4.602510460251046,0.0004
Legacy,5.02092050209205,0.0004
Legacy,5.439330543933055,0.0004
Legacy,5.857740585774058,0.0006
Legacy,6.2761506276150625,0.0006
Legacy,6.694560669456067,0.0007
Legacy,7.112970711297072,0.0007
Legacy,7.531380753138076,0.0008
Legacy,7.949790794979079,0.0008
Legacy,8.368200836820083,0.0008
Legacy,8.786610878661087,0.0008
Legacy,9.205020920502092,0.0009
Legacy,9.623430962343097,0.0009
Legacy,10.0418410041841,0.0009
Legacy,10.460251046025103,0.001
Legacy,10.87866108786611,0.0013
Legacy,11.297071129707113,0.0018
Legacy,11.715481171548117,0.0019
Legacy,12.133891213389122,0.0021
Legacy,12.552301255230125,0.0027
Legacy,12.97071129707113,0.0027
Legacy,13.389121338912133,0.0028
Legacy,13.807531380753138,0.003
Legacy,14.225941422594143,0.003
Legacy,14.644351464435147,0.0031
Legacy,15.062761506276152,0.0032
Legacy,15.481171548117153,0.0036
Legacy,15.899581589958158,0.0036
Legacy,16.317991631799163,0.0037
Legacy,16.736401673640167,0.0039
Legacy,17.154811715481173,0.0039
Legacy,17.573221757322173,0.004
Legacy,17.99163179916318,0.0041
Legacy,18.410041841004183,0.0041
Legacy,18.828451882845187,0.0042
Legacy,19.246861924686193,0.0043
Legacy,19.665271966527197,0.0048
Legacy,20.0836820083682,0.0048
Legacy,20.502092050209207,0.0052
Legacy,20.920502092050206,0.0056
Legacy,21.338912133891213,0.0065
Legacy,21.75732217573222,0.0066
Legacy,22.17573221757322,0.0069
Legacy,22.594142259414227,0.007
Legacy,23.01255230125523,0.007
Legacy,23.430962343096233,0.007
Legacy,23.84937238493724,0.0072
Legacy,24.267782426778243,0.0073
Legacy,24.686192468619247,0.0074
Legacy,25.10460251046025,0.0074
Legacy,25.523012552301257,0.0075
Legacy,25.94142259414226,0.0075
Legacy,26.359832635983267,0.0079
Legacy,26.778242677824267,0.0093
Legacy,27.19665271966527,0.0096
Legacy,27.615062761506277,0.0098
Legacy,28.03347280334728,0.0099
Legacy,28.451882845188287,0.0101
Legacy,28.870292887029287,0.0104
Legacy,29.288702928870293,0.0104
Legacy,29.707112970711297,0.0105
Legacy,30.125523012552303,0.0108
Legacy,30.543933054393307,0.0109
Legacy,30.962343096234306,0.011
Legacy,31.380753138075313,0.011
Legacy,31.799163179916317,0.0119
Legacy,32.21757322175732,0.0128
Legacy,32.63598326359833,0.0133
Legacy,33.054393305439326,0.0138
Legacy,33.47280334728033,0.015
Legacy,33.89121338912134,0.0154
Legacy,34.30962343096235,0.0157
Legacy,34.72803347280335,0.0159
Legacy,35.146443514644346,0.0164
Legacy,35.56485355648535,0.0166
Legacy,35.98326359832636,0.0169
Legacy,36.40167364016737,0.0169
Legacy,36.82008368200837,0.0178
Legacy,37.238493723849366,0.0179
Legacy,37.65690376569037,0.018
Legacy,38.07531380753138,0.0202
Legacy,38.49372384937239,0.0203
Legacy,38.912133891213394,0.0214
Legacy,39.33054393305439,0.0219
Legacy,39.74895397489539,0.0228
Legacy,40.1673640167364,0.0234
Legacy,40.58577405857741,0.0242
Legacy,41.00418410041841,0.0254
Legacy,41.42259414225941,0.0257
Legacy,41.84100418410041,0.0269
Legacy,42.25941422594142,0.0269
Legacy,42.67782426778243,0.0279
Legacy,43.09623430962343,0.0286
Legacy,43.51464435146444,0.0288
Legacy,43.93305439330544,0.03
Legacy,44.35146443514644,0.0301
Legacy,44.76987447698745,0.0302
Legacy,45.18828451882845,0.0334
Legacy,45.60669456066946,0.0343
Legacy,46.02510460251046,0.0344
Legacy,46.44351464435147,0.035
Legacy,46.86192468619247,0.0358
Legacy,47.28033472803347,0.0364
Legacy,47.69874476987448,0.037
Legacy,48.11715481171548,0.0384
Legacy,48.53556485355649,0.0385
Legacy,48.95397489539749,0.039
Legacy,49.37238493723849,0.039
Legacy,49.7907949790795,0.0398
Legacy,50.2092050209205,0.0406
Legacy,50.627615062761514,0.043
Legacy,51.04602510460251,0.0465
Legacy,51.46443514644351,0.0468
Legacy,51.88284518828452,0.0484
Legacy,52.30125523012552,0.0485
Legacy,52.719665271966534,0.0505
Legacy,53.13807531380753,0.0528
Legacy,53.55648535564853,0.0551
Legacy,53.97489539748954,0.0565
Legacy,54.39330543933054,0.0577
Legacy,54.811715481171554,0.059
Legacy,55.23012552301255,0.0604
Legacy,55.64853556485355,0.0611
Legacy,56.06694560669456,0.0613
Legacy,56.48535564853556,0.0617
Legacy,56.903765690376574,0.064
Legacy,57.32217573221757,0.0662
Legacy,57.74058577405857,0.0689
Legacy,58.15899581589959,0.0689
Legacy,58.57740585774059,0.0706
Legacy,58.995815899581594,0.0718
Legacy,59.41422594142259,0.0753
Legacy,59.83263598326359,0.079
Legacy,60.25104602510461,0.0817
Legacy,60.66945606694561,0.0819
Legacy,61.08786610878661,0.0831
Legacy,61.50627615062761,0.089
Legacy,61.92468619246861,0.089
Legacy,62.34309623430963,0.0925
Legacy,62.76150627615063,0.0932
Legacy,63.17991631799163,0.0977
Legacy,63.59832635983263,0.098
Legacy,64.01673640167364,0.0984
Legacy,64.43514644351464,0.0996
Legacy,64.85355648535564,0.102
Legacy,65.27196652719665,0.1036
Legacy,65.69037656903765,0.109
Legacy,66.10878661087865,0.11
Legacy,66.52719665271967,0.1166
Legacy,66.94560669456067,0.1188
Legacy,67.36401673640168,0.1224
Legacy,67.78242677824268,0.1225
Legacy,68.20083682008368,0.1234
Legacy,68.6192468619247,0.1266
Legacy,69.0376569037657,0.1276
Legacy,69.4560669456067,0.1388
Legacy,69.8744769874477,0.1396
Legacy,70.29288702928869,0.1431
Legacy,70.7112970711297,0.1437
Legacy,71.1297071129707,0.1498
Legacy,71.54811715481172,0.1514
Legacy,71.96652719665272,0.1531
Legacy,72.38493723849372,0.161
Legacy,72.80334728033473,0.1632
Legacy,73.22175732217573,0.1905
Legacy,73.64016736401673,0.1953
Legacy,74.05857740585773,0.2033
Legacy,74.47698744769873,0.2051
Legacy,74.89539748953975,0.2106
Legacy,75.31380753138075,0.2219
Legacy,75.73221757322176,0.2336
Legacy,76.15062761506276,0.2453
Legacy,76.56903765690377,0.2547
Legacy,76.98744769874477,0.2713
Legacy,77.40585774058577,0.2732
Legacy,77.82426778242679,0.2742
Legacy,78.24267782426779,0.2787
Legacy,78.66108786610879,0.2788
Legacy,79.07949790794979,0.2805
Legacy,79.49790794979079,0.2815
Legacy,79.9163179916318,0.2837
Legacy,80.3347280334728,0.2887
Legacy,80.75313807531381,0.2905
Legacy,81.17154811715481,0.2927
Legacy,81.58995815899581,0.2955
Legacy,82.00836820083683,0.3042
Legacy,82.42677824267783,0.3082
Legacy,82.84518828451883,0.3135
Legacy,83.26359832635984,0.315
Legacy,83.68200836820083,0.3191
Legacy,84.10041841004184,0.3269
Legacy,84.51882845188284,0.3303
Legacy,84.93723849372385,0.3345
Legacy,85.35564853556485,0.3413
Legacy,85.77405857740585,0.3567
Legacy,86.19246861924687,0.3669
Legacy,86.61087866108787,0.3719
Legacy,87.02928870292888,0.3751
Legacy,87.44769874476988,0.3753
Legacy,87.86610878661088,0.3768
Legacy,88.28451882845188,0.3838
Legacy,88.70292887029288,0.3849
Legacy,89.1213389121339,0.3909
Legacy,89.5397489539749,0.3963
Legacy,89.9581589958159,0.4001
Legacy,90.3765690376569,0.4089
Legacy,90.7949790794979,0.4121
Legacy,91.21338912133892,0.4187
Legacy,91.63179916317992,0.4483
Legacy,92.05020920502092,0.4543
Legacy,92.46861924686193,0.4552
Legacy,92.88702928870293,0.4612
Legacy,93.30543933054393,0.4622
Legacy,93.72384937238493,0.4654
Legacy,94.14225941422593,0.467
Legacy,94.56066945606695,0.4799
Legacy,94.97907949790795,0.4833
Legacy,95.39748953974896,0.4865
Legacy,95.81589958158996,0.4889
Legacy,96.23430962343096,0.4895
Legacy,96.65271966527197,0.4997
Legacy,97.07112970711297,0.5037
Legacy,97.48953974895397,0.5057
Legacy,97.90794979079497,0.5107
Legacy,98.32635983263597,0.5249
Legacy,98.74476987447699,0.5402
Legacy,99.16317991631799,0.57
Legacy,99.581589958159,0.5709
LexiMin,0.0,0.051446886687599724
LexiMin,0.41841004184100417,0.05144690201182814
LexiMin,0.8368200836820083,0.05144690201182821
LexiMin,1.2552301255230125,0.05144690201182821
LexiMin,1.6736401673640167,0.05144690201182822
LexiMin,2.092050209205021,0.05144690201182822
LexiMin,2.510460251046025,0.05144690201182823
LexiMin,2.928870292887029,0.051446902011828236
LexiMin,3.3472803347280333,0.05144690201182825
LexiMin,3.765690376569038,0.05144690201182829
LexiMin,4.184100418410042,0.05144690201182829
LexiMin,4.602510460251046,0.05144690201182829
LexiMin,5.02092050209205,0.05144690201182829
LexiMin,5.439330543933055,0.0514469020118283
LexiMin,5.857740585774058,0.051446902011828305
LexiMin,6.2761506276150625,0.051446902011828305
LexiMin,6.694560669456067,0.05144690201182833
LexiMin,7.112970711297072,0.05144690201182834
LexiMin,7.531380753138076,0.05144690201182834
LexiMin,7.949790794979079,0.05144690201182835
LexiMin,8.368200836820083,0.05144690201182835
LexiMin,8.786610878661087,0.05144690201182835
LexiMin,9.205020920502092,0.051446902011828353
LexiMin,9.623430962343097,0.051446902011828353
LexiMin,10.0418410041841,0.051446902011828353
LexiMin,10.460251046025103,0.05144690201182836
LexiMin,10.87866108786611,0.05144690201182836
LexiMin,11.297071129707113,0.05144690201182837
LexiMin,11.715481171548117,0.051446902011828374
LexiMin,12.133891213389122,0.051446902011828374
LexiMin,12.552301255230125,0.05144690201182838
LexiMin,12.97071129707113,0.05144690201182838
LexiMin,13.389121338912133,0.05144690201182839
LexiMin,13.807531380753138,0.05144690201182839
LexiMin,14.225941422594143,0.05144690201182839
LexiMin,14.644351464435147,0.05144690201182839
LexiMin,15.062761506276152,0.0514469020118284
LexiMin,15.481171548117153,0.0514469020118284
LexiMin,15.899581589958158,0.0514469020118284
LexiMin,16.317991631799163,0.0514469020118284
LexiMin,16.736401673640167,0.0514469020118284
LexiMin,17.154811715481173,0.0514469020118284
LexiMin,17.573221757322173,0.05144690201182841
LexiMin,17.99163179916318,0.05144690201182841
LexiMin,18.410041841004183,0.05144690201182841
LexiMin,18.828451882845187,0.05144690201182841
LexiMin,19.246861924686193,0.05144690201182841
LexiMin,19.665271966527197,0.05144690201182841
LexiMin,20.0836820083682,0.05144690201182841
LexiMin,20.502092050209207,0.05144690201182841
LexiMin,20.920502092050206,0.05144690201182841
LexiMin,21.338912133891213,0.05144690201182841
LexiMin,21.75732217573222,0.05144690201182841
LexiMin,22.17573221757322,0.05144690201182841
LexiMin,22.594142259414227,0.05144690201182841
LexiMin,23.01255230125523,0.05144690201182841
LexiMin,23.430962343096233,0.05144690201182841
LexiMin,23.84937238493724,0.051446902011828416
LexiMin,24.267782426778243,0.051446902011828416
LexiMin,24.686192468619247,0.051446902011828416
LexiMin,25.10460251046025,0.051446902011828416
LexiMin,25.523012552301257,0.051446902011828416
LexiMin,25.94142259414226,0.051446902011828416
LexiMin,26.359832635983267,0.051446902011828416
LexiMin,26.778242677824267,0.051446902011828416
LexiMin,27.19665271966527,0.051446902011828416
LexiMin,27.615062761506277,0.051446902011828416
LexiMin,28.03347280334728,0.051446902011828416
LexiMin,28.451882845188287,0.051446902011828416
LexiMin,28.870292887029287,0.051446902011828416
LexiMin,29.288702928870293,0.051446902011828416
LexiMin,29.707112970711297,0.051446902011828416
LexiMin,30.125523012552303,0.051446902011828416
LexiMin,30.543933054393307,0.051446902011828416
LexiMin,30.962343096234306,0.051446902011828416
LexiMin,31.380753138075313,0.051446902011828416
LexiMin,31.799163179916317,0.051446902011828416
LexiMin,32.21757322175732,0.051446902011828416
LexiMin,32.63598326359833,0.051446902011828416
LexiMin,33.054393305439326,0.051446902011828416
LexiMin,33.47280334728033,0.051446902011828416
LexiMin,33.89121338912134,0.051446902011828416
LexiMin,34.30962343096235,0.051446902011828416
LexiMin,34.72803347280335,0.051446902011828416
LexiMin,35.146443514644346,0.051446902011828416
LexiMin,35.56485355648535,0.051446902011828416
LexiMin,35.98326359832636,0.051446902011828416
LexiMin,36.40167364016737,0.051446902011828416
LexiMin,36.82008368200837,0.051446902011828416
LexiMin,37.238493723849366,0.051446902011828416
LexiMin,37.65690376569037,0.051446902011828416
LexiMin,38.07531380753138,0.051446902011828416
LexiMin,38.49372384937239,0.051446902011828416
LexiMin,38.912133891213394,0.051446902011828416
LexiMin,39.33054393305439,0.05144690201182842
LexiMin,39.74895397489539,0.05144690201182842
LexiMin,40.1673640167364,0.05144690201182842
LexiMin,40.58577405857741,0.05144690201182842
LexiMin,41.00418410041841,0.05144690201182842
LexiMin,41.42259414225941,0.05144690201182842
LexiMin,41.84100418410041,0.05144690201182842
LexiMin,42.25941422594142,0.05144690201182842
LexiMin,42.67782426778243,0.05144690201182842
LexiMin,43.09623430962343,0.05144690201182842
LexiMin,43.51464435146444,0.05144690201182842
LexiMin,43.93305439330544,0.05144690201182842
LexiMin,44.35146443514644,0.05144690201182842
LexiMin,44.76987447698745,0.05144690201182842
LexiMin,45.18828451882845,0.05144690201182842
LexiMin,45.60669456066946,0.05144690201182842
LexiMin,46.02510460251046,0.05144690201182842
LexiMin,46.44351464435147,0.05144690201182842
LexiMin,46.86192468619247,0.05144690201182842
LexiMin,47.28033472803347,0.05144690201182842
LexiMin,47.69874476987448,0.05144690201182842
LexiMin,48.11715481171548,0.05144690201182842
LexiMin,48.53556485355649,0.05144690201182842
LexiMin,48.95397489539749,0.05144690201182843
LexiMin,49.37238493723849,0.05144690201182843
LexiMin,49.7907949790795,0.05144690201182843
LexiMin,50.2092050209205,0.05144690201182843
LexiMin,50.627615062761514,0.05144690201182843
LexiMin,51.04602510460251,0.05144690201182844
LexiMin,51.46443514644351,0.05144690201182844
LexiMin,51.88284518828452,0.05144690201182844
LexiMin,52.30125523012552,0.05144690201182845
LexiMin,52.719665271966534,0.05144690201182845
LexiMin,53.13807531380753,0.05144690201182845
LexiMin,53.55648535564853,0.05144690201182845
LexiMin,53.97489539748954,0.05144690201182846
LexiMin,54.39330543933054,0.05144690201182846
LexiMin,54.811715481171554,0.05144690201182846
LexiMin,55.23012552301255,0.05144690201182846
LexiMin,55.64853556485355,0.051446902011828465
LexiMin,56.06694560669456,0.051446902011828465
LexiMin,56.48535564853556,0.05144690201182847
LexiMin,56.903765690376574,0.05144690201182848
LexiMin,57.32217573221757,0.051446902011828485
LexiMin,57.74058577405857,0.051446902011828485
LexiMin,58.15899581589959,0.05144690201182849
LexiMin,58.57740585774059,0.0514469020118285
LexiMin,58.995815899581594,0.0514469020118285
LexiMin,59.41422594142259,0.051446902011828506
LexiMin,59.83263598326359,0.051446902011828506
LexiMin,60.25104602510461,0.05144690201182851
LexiMin,60.66945606694561,0.05144690201182851
LexiMin,61.08786610878661,0.051446902011828534
LexiMin,61.50627615062761,0.051446902011828534
LexiMin,61.92468619246861,0.051446902011828534
LexiMin,62.34309623430963,0.05144690201182855
LexiMin,62.76150627615063,0.051446902011828555
LexiMin,63.17991631799163,0.051446902011828555
LexiMin,63.59832635983263,0.05144690201182856
LexiMin,64.01673640167364,0.05144690201182857
LexiMin,64.43514644351464,0.05144690201182857
LexiMin,64.85355648535564,0.05144690201182857
LexiMin,65.27196652719665,0.05144690201182857
LexiMin,65.69037656903765,0.05144690201182858
LexiMin,66.10878661087865,0.05144690201182858
LexiMin,66.52719665271967,0.051446902011828596
LexiMin,66.94560669456067,0.05144690201182861
LexiMin,67.36401673640168,0.05144690201182861
LexiMin,67.78242677824268,0.051446902011828666
LexiMin,68.20083682008368,0.05144690201182868
LexiMin,68.6192468619247,0.051446902011828735
LexiMin,69.0376569037657,0.051446902011828756
LexiMin,69.4560669456067,0.05144690201182878
LexiMin,69.8744769874477,0.05144690201182878
LexiMin,70.29288702928869,0.051446902011828784
LexiMin,70.7112970711297,0.0514469020118288
LexiMin,71.1297071129707,0.05144690201182882
LexiMin,71.54811715481172,0.05144690201182891
LexiMin,71.96652719665272,0.05144774511467706
LexiMin,72.38493723849372,0.0514477451146773
LexiMin,72.80334728033473,0.05144774511467732
LexiMin,73.22175732217573,0.05144774511467737
LexiMin,73.64016736401673,0.05144774511467751
LexiMin,74.05857740585773,0.051447745114677604
LexiMin,74.47698744769873,0.05144774511467766
LexiMin,74.89539748953975,0.051447745114677694
LexiMin,75.31380753138075,0.0913173929152014
LexiMin,75.73221757322176,0.09131739291520154
LexiMin,76.15062761506276,0.09131739291520163
LexiMin,76.56903765690377,0.09131823601805081
LexiMin,76.98744769874477,0.09132168177864236
LexiMin,77.40585774058577,0.09226319071303525
LexiMin,77.82426778242679,0.09226319071303528
LexiMin,78.24267782426779,0.09226319071303542
LexiMin,78.66108786610879,0.09226319071303543
LexiMin,79.07949790794979,0.09226319071303549
LexiMin,79.49790794979079,0.09226319071303549
LexiMin,79.9163179916318,0.09226319071303556
LexiMin,80.3347280334728,0.09226319071303558
LexiMin,80.75313807531381,0.09226319071303558
LexiMin,81.17154811715481,0.09226319071303558
LexiMin,81.58995815899581,0.09226319071303564
LexiMin,82.00836820083683,0.09226319071303564
LexiMin,82.42677824267783,0.09226319071303588
LexiMin,82.84518828451883,0.09226403381588459
LexiMin,83.26359832635984,0.09226403381588483
LexiMin,83.68200836820083,0.09226403381588484
LexiMin,84.10041841004184,0.09227835081965129
LexiMin,84.51882845188284,0.09856751772492514
LexiMin,84.93723849372385,0.09856751772492515
LexiMin,85.35564853556485,0.09856751772492517
LexiMin,85.77405857740585,0.09856751772492518
LexiMin,86.19246861924687,0.09856751772492527
LexiMin,86.61087866108787,0.09856751772492535
LexiMin,87.02928870292888,0.09856751772492539
LexiMin,87.44769874476988,0.09856751772492546
LexiMin,87.86610878661088,0.09856751772492546
LexiMin,88.28451882845188,0.19964624603948974
LexiMin,88.70292887029288,0.1996462460394898
LexiMin,89.1213389121339,0.1996462460394899
LexiMin,89.5397489539749,0.2073975518229193
LexiMin,89.9581589958159,0.23986833575411176
LexiMin,90.3765690376569,0.24746700795845908
LexiMin,90.7949790794979,0.26285176414677486
LexiMin,91.21338912133892,0.3718778210895697
LexiMin,91.63179916317992,0.4078959309283396
LexiMin,92.05020920502092,0.4159028784174892
LexiMin,92.46861924686193,0.5129525556979866
LexiMin,92.88702928870293,0.6046119903282802
LexiMin,93.30543933054393,0.6398718000039301
LexiMin,93.72384937238493,0.64554134027884
LexiMin,94.14225941422593,0.6461608528224749
LexiMin,94.56066945606695,0.7470917762395897
LexiMin,94.97907949790795,0.7768498056349952
LexiMin,95.39748953974896,0.8472340995250277
LexiMin,95.81589958158996,0.8780564183197973
LexiMin,96.23430962343096,0.8796824564680262
LexiMin,96.65271966527197,0.8971061959763432
LexiMin,97.07112970711297,0.9999999012375002
LexiMin,97.48953974895397,1.0000000000000007
LexiMin,97.90794979079497,1.0000000000000007
LexiMin,98.32635983263597,1.0000000000000007
LexiMin,98.74476987447699,1.0000000000000007
LexiMin,99.16317991631799,1.0000000000000007
LexiMin,99.581589958159,1.0000000000000007
k/n,0.0,0.12552301255230125
k/n,0.41841004184100417,0.12552301255230125
k/n,0.8368200836820083,0.12552301255230125
k/n,1.2552301255230125,0.12552301255230125
k/n,1.6736401673640167,0.12552301255230125
k/n,2.092050209205021,0.12552301255230125
k/n,2.510460251046025,0.12552301255230125
k/n,2.928870292887029,0.12552301255230125
k/n,3.3472803347280333,0.12552301255230125
k/n,3.765690376569038,0.12552301255230125
k/n,4.184100418410042,0.12552301255230125
k/n,4.602510460251046,0.12552301255230125
k/n,5.02092050209205,0.12552301255230125
k/n,5.439330543933055,0.12552301255230125
k/n,5.857740585774058,0.12552301255230125
k/n,6.2761506276150625,0.12552301255230125
k/n,6.694560669456067,0.12552301255230125
k/n,7.112970711297072,0.12552301255230125
k/n,7.531380753138076,0.12552301255230125
k/n,7.949790794979079,0.12552301255230125
k/n,8.368200836820083,0.12552301255230125
k/n,8.786610878661087,0.12552301255230125
k/n,9.205020920502092,0.12552301255230125
k/n,9.623430962343097,0.12552301255230125
k/n,10.0418410041841,0.12552301255230125
k/n,10.460251046025103,0.12552301255230125
k/n,10.87866108786611,0.12552301255230125
k/n,11.297071129707113,0.12552301255230125
k/n,11.715481171548117,0.12552301255230125
k/n,12.133891213389122,0.12552301255230125
k/n,12.552301255230125,0.12552301255230125
k/n,12.97071129707113,0.12552301255230125
k/n,13.389121338912133,0.12552301255230125
k/n,13.807531380753138,0.12552301255230125
k/n,14.225941422594143,0.12552301255230125
k/n,14.644351464435147,0.12552301255230125
k/n,15.062761506276152,0.12552301255230125
k/n,15.481171548117153,0.12552301255230125
k/n,15.899581589958158,0.12552301255230125
k/n,16.317991631799163,0.12552301255230125
k/n,16.736401673640167,0.12552301255230125
k/n,17.154811715481173,0.12552301255230125
k/n,17.573221757322173,0.12552301255230125
k/n,17.99163179916318,0.12552301255230125
k/n,18.410041841004183,0.12552301255230125
k/n,18.828451882845187,0.12552301255230125
k/n,19.246861924686193,0.12552301255230125
k/n,19.665271966527197,0.12552301255230125
k/n,20.0836820083682,0.12552301255230125
k/n,20.502092050209207,0.12552301255230125
k/n,20.920502092050206,0.12552301255230125
k/n,21.338912133891213,0.12552301255230125
k/n,21.75732217573222,0.12552301255230125
k/n,22.17573221757322,0.12552301255230125
k/n,22.594142259414227,0.12552301255230125
k/n,23.01255230125523,0.12552301255230125
k/n,23.430962343096233,0.12552301255230125
k/n,23.84937238493724,0.12552301255230125
k/n,24.267782426778243,0.12552301255230125
k/n,24.686192468619247,0.12552301255230125
k/n,25.10460251046025,0.12552301255230125
k/n,25.523012552301257,0.12552301255230125
k/n,25.94142259414226,0.12552301255230125
k/n,26.359832635983267,0.12552301255230125
k/n,26.778242677824267,0.12552301255230125
k/n,27.19665271966527,0.12552301255230125
k/n,27.615062761506277,0.12552301255230125
k/n,28.03347280334728,0.12552301255230125
k/n,28.451882845188287,0.12552301255230125
k/n,28.870292887029287,0.12552301255230125
k/n,29.288702928870293,0.12552301255230125
k/n,29.707112970711297,0.12552301255230125
k/n,30.125523012552303,0.12552301255230125
k/n,30.543933054393307,0.12552301255230125
k/n,30.962343096234306,0.12552301255230125
k/n,31.380753138075313,0.12552301255230125
k/n,31.799163179916317,0.12552301255230125
k/n,32.21757322175732,0.12552301255230125
k/n,32.63598326359833,0.12552301255230125
k/n,33.054393305439326,0.12552301255230125
k/n,33.47280334728033,0.12552301255230125
k/n,33.89121338912134,0.12552301255230125
k/n,34.30962343096235,0.12552301255230125
k/n,34.72803347280335,0.12552301255230125
k/n,35.146443514644346,0.12552301255230125
k/n,35.56485355648535,0.12552301255230125
k/n,35.98326359832636,0.12552301255230125
k/n,36.40167364016737,0.12552301255230125
k/n,36.82008368200837,0.12552301255230125
k/n,37.238493723849366,0.12552301255230125
k/n,37.65690376569037,0.12552301255230125
k/n,38.07531380753138,0.12552301255230125
k/n,38.49372384937239,0.12552301255230125
k/n,38.912133891213394,0.12552301255230125
k/n,39.33054393305439,0.12552301255230125
k/n,39.74895397489539,0.12552301255230125
k/n,40.1673640167364,0.12552301255230125
k/n,40.58577405857741,0.12552301255230125
k/n,41.00418410041841,0.12552301255230125
k/n,41.42259414225941,0.12552301255230125
k/n,41.84100418410041,0.12552301255230125
k/n,42.25941422594142,0.12552301255230125
k/n,42.67782426778243,0.12552301255230125
k/n,43.09623430962343,0.12552301255230125
k/n,43.51464435146444,0.12552301255230125
k/n,43.93305439330544,0.12552301255230125
k/n,44.35146443514644,0.12552301255230125
k/n,44.76987447698745,0.12552301255230125
k/n,45.18828451882845,0.12552301255230125
k/n,45.60669456066946,0.12552301255230125
k/n,46.02510460251046,0.12552301255230125
k/n,46.44351464435147,0.12552301255230125
k/n,46.86192468619247,0.12552301255230125
k/n,47.28033472803347,0.12552301255230125
k/n,47.69874476987448,0.12552301255230125
k/n,48.11715481171548,0.12552301255230125
k/n,48.53556485355649,0.12552301255230125
k/n,48.95397489539749,0.12552301255230125
k/n,49.37238493723849,0.12552301255230125
k/n,49.7907949790795,0.12552301255230125
k/n,50.2092050209205,0.12552301255230125
k/n,50.627615062761514,0.12552301255230125
k/n,51.04602510460251,0.12552301255230125
k/n,51.46443514644351,0.12552301255230125
k/n,51.88284518828452,0.12552301255230125
k/n,52.30125523012552,0.12552301255230125
k/n,52.719665271966534,0.12552301255230125
k/n,53.13807531380753,0.12552301255230125
k/n,53.55648535564853,0.12552301255230125
k/n,53.97489539748954,0.12552301255230125
k/n,54.39330543933054,0.12552301255230125
k/n,54.811715481171554,0.12552301255230125
k/n,55.23012552301255,0.12552301255230125
k/n,55.64853556485355,0.12552301255230125
k/n,56.06694560669456,0.12552301255230125
k/n,56.48535564853556,0.12552301255230125
k/n,56.903765690376574,0.12552301255230125
k/n,57.32217573221757,0.12552301255230125
k/n,57.74058577405857,0.12552301255230125
k/n,58.15899581589959,0.12552301255230125
k/n,58.57740585774059,0.12552301255230125
k/n,58.995815899581594,0.12552301255230125
k/n,59.41422594142259,0.12552301255230125
k/n,59.83263598326359,0.12552301255230125
k/n,60.25104602510461,0.12552301255230125
k/n,60.66945606694561,0.12552301255230125
k/n,61.08786610878661,0.12552301255230125
k/n,61.50627615062761,0.12552301255230125
k/n,61.92468619246861,0.12552301255230125
k/n,62.34309623430963,0.12552301255230125
k/n,62.76150627615063,0.12552301255230125
k/n,63.17991631799163,0.12552301255230125
k/n,63.59832635983263,0.12552301255230125
k/n,64.01673640167364,0.12552301255230125
k/n,64.43514644351464,0.12552301255230125
k/n,64.85355648535564,0.12552301255230125
k/n,65.27196652719665,0.12552301255230125
k/n,65.69037656903765,0.12552301255230125
k/n,66.10878661087865,0.12552301255230125
k/n,66.52719665271967,0.12552301255230125
k/n,66.94560669456067,0.12552301255230125
k/n,67.36401673640168,0.12552301255230125
k/n,67.78242677824268,0.12552301255230125
k/n,68.20083682008368,0.12552301255230125
k/n,68.6192468619247,0.12552301255230125
k/n,69.0376569037657,0.12552301255230125
k/n,69.4560669456067,0.12552301255230125
k/n,69.8744769874477,0.12552301255230125
k/n,70.29288702928869,0.12552301255230125
k/n,70.7112970711297,0.12552301255230125
k/n,71.1297071129707,0.12552301255230125
k/n,71.54811715481172,0.12552301255230125
k/n,71.96652719665272,0.12552301255230125
k/n,72.38493723849372,0.12552301255230125
k/n,72.80334728033473,0.12552301255230125
k/n,73.22175732217573,0.12552301255230125
k/n,73.64016736401673,0.12552301255230125
k/n,74.05857740585773,0.12552301255230125
k/n,74.47698744769873,0.12552301255230125
k/n,74.89539748953975,0.12552301255230125
k/n,75.31380753138075,0.12552301255230125
k/n,75.73221757322176,0.12552301255230125
k/n,76.15062761506276,0.12552301255230125
k/n,76.56903765690377,0.12552301255230125
k/n,76.98744769874477,0.12552301255230125
k/n,77.40585774058577,0.12552301255230125
k/n,77.82426778242679,0.12552301255230125
k/n,78.24267782426779,0.12552301255230125
k/n,78.66108786610879,0.12552301255230125
k/n,79.07949790794979,0.12552301255230125
k/n,79.49790794979079,0.12552301255230125
k/n,79.9163179916318,0.12552301255230125
k/n,80.3347280334728,0.12552301255230125
k/n,80.75313807531381,0.12552301255230125
k/n,81.17154811715481,0.12552301255230125
k/n,81.58995815899581,0.12552301255230125
k/n,82.00836820083683,0.12552301255230125
k/n,82.42677824267783,0.12552301255230125
k/n,82.84518828451883,0.12552301255230125
k/n,83.26359832635984,0.12552301255230125
k/n,83.68200836820083,0.12552301255230125
k/n,84.10041841004184,0.12552301255230125
k/n,84.51882845188284,0.12552301255230125
k/n,84.93723849372385,0.12552301255230125
k/n,85.35564853556485,0.12552301255230125
k/n,85.77405857740585,0.12552301255230125
k/n,86.19246861924687,0.12552301255230125
k/n,86.61087866108787,0.12552301255230125
k/n,87.02928870292888,0.12552301255230125
k/n,87.44769874476988,0.12552301255230125
k/n,87.86610878661088,0.12552301255230125
k/n,88.28451882845188,0.12552301255230125
k/n,88.70292887029288,0.12552301255230125
k/n,89.1213389121339,0.12552301255230125
k/n,89.5397489539749,0.12552301255230125
k/n,89.9581589958159,0.12552301255230125
k/n,90.3765690376569,0.12552301255230125
k/n,90.7949790794979,0.12552301255230125
k/n,91.21338912133892,0.12552301255230125
k/n,91.63179916317992,0.12552301255230125
k/n,92.05020920502092,0.12552301255230125
k/n,92.46861924686193,0.12552301255230125
k/n,92.88702928870293,0.12552301255230125
k/n,93.30543933054393,0.12552301255230125
k/n,93.72384937238493,0.12552301255230125
k/n,94.14225941422593,0.12552301255230125
k/n,94.56066945606695,0.12552301255230125
k/n,94.97907949790795,0.12552301255230125
k/n,95.39748953974896,0.12552301255230125
k/n,95.81589958158996,0.12552301255230125
k/n,96.23430962343096,0.12552301255230125
k/n,96.65271966527197,0.12552301255230125
k/n,97.07112970711297,0.12552301255230125
k/n,97.48953974895397,0.12552301255230125
k/n,97.90794979079497,0.12552301255230125
k/n,98.32635983263597,0.12552301255230125
k/n,98.74476987447699,0.12552301255230125
k/n,99.16317991631799,0.12552301255230125
k/n,99.581589958159,0.12552301255230125
