instance:	mass
pool size n:	70
panel size k:	24
# quota categories:	5
mean selection probability k/n:	34.3%
LEGACY minimum probability:	â‰¤ 14.94% (99% upper confidence bound based on Jeffreys interval for a binomial parameter, calculated from sample proportion 0.1412 and sample size 10,000)
LEXIMIN minimum probability (exact):	20.0%
gini coefficient of LEGACY:	14.9%
gini coefficient of LEXIMIN:	14.8%
geometric mean of LEGACY:	32.6%
geometric mean of LEXIMIN:	32.7%
share selected by LEGACY with probability below LEXIMIN minimum selection probability:	12.9%
Plot of probability allocation created at analysis/mass_24_prob_allocs.pdf.
Plot of ratio products created at analysis/mass_24_ratio_product.pdf.
Out of 3 runs, LEXIMIN took a median running time of 0.5 seconds.
