algorithm,percentile of pool members,selection probability
Legacy,0.0,0.0022
Legacy,0.3205128205128205,0.0024
Legacy,0.641025641025641,0.0026
Legacy,0.9615384615384616,0.0026
Legacy,1.282051282051282,0.0027
Legacy,1.6025641025641024,0.0032
Legacy,1.9230769230769231,0.0034
Legacy,2.2435897435897436,0.0036
Legacy,2.564102564102564,0.0038
Legacy,2.8846153846153846,0.0048
Legacy,3.205128205128205,0.0052
Legacy,3.5256410256410255,0.007
Legacy,3.8461538461538463,0.0077
Legacy,4.166666666666666,0.008
Legacy,4.487179487179487,0.0081
Legacy,4.807692307692308,0.0082
Legacy,5.128205128205128,0.0082
Legacy,5.448717948717949,0.0085
Legacy,5.769230769230769,0.0088
Legacy,6.089743589743589,0.0089
Legacy,6.41025641025641,0.0091
Legacy,6.730769230769231,0.0092
Legacy,7.051282051282051,0.0093
Legacy,7.371794871794872,0.0097
Legacy,7.6923076923076925,0.0101
Legacy,8.012820512820513,0.0105
Legacy,8.333333333333332,0.0111
Legacy,8.653846153846153,0.0112
Legacy,8.974358974358974,0.0112
Legacy,9.294871794871796,0.0118
Legacy,9.615384615384617,0.0122
Legacy,9.935897435897436,0.0123
Legacy,10.256410256410255,0.0132
Legacy,10.576923076923077,0.0132
Legacy,10.897435897435898,0.0134
Legacy,11.217948717948719,0.0137
Legacy,11.538461538461538,0.0138
Legacy,11.858974358974358,0.0149
Legacy,12.179487179487179,0.0149
Legacy,12.5,0.0152
Legacy,12.82051282051282,0.0157
Legacy,13.141025641025642,0.0166
Legacy,13.461538461538462,0.0168
Legacy,13.782051282051283,0.0197
Legacy,14.102564102564102,0.0207
Legacy,14.423076923076922,0.0208
Legacy,14.743589743589745,0.0212
Legacy,15.064102564102564,0.0214
Legacy,15.384615384615385,0.0218
Legacy,15.705128205128204,0.0218
Legacy,16.025641025641026,0.022
Legacy,16.346153846153847,0.022
Legacy,16.666666666666664,0.0221
Legacy,16.98717948717949,0.0221
Legacy,17.307692307692307,0.0223
Legacy,17.628205128205128,0.0223
Legacy,17.94871794871795,0.0224
Legacy,18.269230769230766,0.0226
Legacy,18.58974358974359,0.0228
Legacy,18.91025641025641,0.0228
Legacy,19.230769230769234,0.0232
Legacy,19.55128205128205,0.0233
Legacy,19.871794871794872,0.0235
Legacy,20.192307692307693,0.0241
Legacy,20.51282051282051,0.0252
Legacy,20.833333333333336,0.0267
Legacy,21.153846153846153,0.0304
Legacy,21.474358974358974,0.0308
Legacy,21.794871794871796,0.0314
Legacy,22.115384615384613,0.0323
Legacy,22.435897435897438,0.0324
Legacy,22.756410256410255,0.0338
Legacy,23.076923076923077,0.034
Legacy,23.397435897435898,0.0343
Legacy,23.717948717948715,0.0353
Legacy,24.03846153846154,0.0353
Legacy,24.358974358974358,0.0356
Legacy,24.679487179487182,0.0364
Legacy,25.0,0.0372
Legacy,25.320512820512818,0.0372
Legacy,25.64102564102564,0.0373
Legacy,25.961538461538463,0.0374
Legacy,26.282051282051285,0.0376
Legacy,26.602564102564102,0.0396
Legacy,26.923076923076923,0.0397
Legacy,27.24358974358974,0.0404
Legacy,27.564102564102566,0.0406
Legacy,27.884615384615387,0.0408
Legacy,28.205128205128204,0.0411
Legacy,28.525641025641026,0.0412
Legacy,28.846153846153843,0.0418
Legacy,29.166666666666668,0.0421
Legacy,29.48717948717949,0.0424
Legacy,29.807692307692307,0.0427
Legacy,30.128205128205128,0.0428
Legacy,30.448717948717945,0.0432
Legacy,30.76923076923077,0.0432
Legacy,31.08974358974359,0.0434
Legacy,31.41025641025641,0.0437
Legacy,31.73076923076923,0.044
Legacy,32.05128205128205,0.0446
Legacy,32.371794871794876,0.0448
Legacy,32.69230769230769,0.045
Legacy,33.01282051282051,0.0452
Legacy,33.33333333333333,0.0453
Legacy,33.65384615384615,0.0456
Legacy,33.97435897435898,0.0459
Legacy,34.294871794871796,0.0463
Legacy,34.61538461538461,0.0464
Legacy,34.93589743589743,0.0471
Legacy,35.256410256410255,0.0472
Legacy,35.57692307692308,0.0476
Legacy,35.8974358974359,0.0479
Legacy,36.217948717948715,0.0483
Legacy,36.53846153846153,0.0488
Legacy,36.858974358974365,0.0509
Legacy,37.17948717948718,0.0518
Legacy,37.5,0.0537
Legacy,37.82051282051282,0.0539
Legacy,38.141025641025635,0.0546
Legacy,38.46153846153847,0.0557
Legacy,38.782051282051285,0.0559
Legacy,39.1025641025641,0.0559
Legacy,39.42307692307692,0.0565
Legacy,39.743589743589745,0.0566
Legacy,40.06410256410257,0.0566
Legacy,40.38461538461539,0.0574
Legacy,40.705128205128204,0.0577
Legacy,41.02564102564102,0.0583
Legacy,41.34615384615385,0.0583
Legacy,41.66666666666667,0.0584
Legacy,41.98717948717949,0.0586
Legacy,42.30769230769231,0.0587
Legacy,42.628205128205124,0.0591
Legacy,42.94871794871795,0.0592
Legacy,43.269230769230774,0.0592
Legacy,43.58974358974359,0.0592
Legacy,43.91025641025641,0.0596
Legacy,44.230769230769226,0.0604
Legacy,44.55128205128205,0.0611
Legacy,44.871794871794876,0.0615
Legacy,45.19230769230769,0.0617
Legacy,45.51282051282051,0.062
Legacy,45.83333333333333,0.0622
Legacy,46.15384615384615,0.0626
Legacy,46.47435897435898,0.0637
Legacy,46.794871794871796,0.0666
Legacy,47.11538461538461,0.0673
Legacy,47.43589743589743,0.0675
Legacy,47.756410256410255,0.0681
Legacy,48.07692307692308,0.0687
Legacy,48.3974358974359,0.0688
Legacy,48.717948717948715,0.0705
Legacy,49.03846153846153,0.0707
Legacy,49.358974358974365,0.0747
Legacy,49.67948717948718,0.0747
Legacy,50.0,0.0748
Legacy,50.32051282051282,0.0748
Legacy,50.641025641025635,0.0749
Legacy,50.96153846153846,0.0754
Legacy,51.28205128205128,0.0754
Legacy,51.60256410256411,0.0765
Legacy,51.92307692307693,0.0766
Legacy,52.243589743589745,0.0774
Legacy,52.56410256410257,0.0804
Legacy,52.88461538461539,0.0827
Legacy,53.205128205128204,0.0832
Legacy,53.52564102564102,0.0837
Legacy,53.84615384615385,0.0849
Legacy,54.166666666666664,0.0851
Legacy,54.48717948717948,0.0851
Legacy,54.807692307692314,0.0858
Legacy,55.12820512820513,0.0869
Legacy,55.44871794871795,0.0876
Legacy,55.769230769230774,0.0876
Legacy,56.08974358974359,0.0909
Legacy,56.41025641025641,0.091
Legacy,56.730769230769226,0.091
Legacy,57.05128205128205,0.0918
Legacy,57.37179487179487,0.0927
Legacy,57.692307692307686,0.0928
Legacy,58.01282051282052,0.0943
Legacy,58.333333333333336,0.0948
Legacy,58.65384615384615,0.0949
Legacy,58.97435897435898,0.095
Legacy,59.294871794871796,0.0956
Legacy,59.61538461538461,0.0969
Legacy,59.93589743589743,0.097
Legacy,60.256410256410255,0.0973
Legacy,60.57692307692307,0.0979
Legacy,60.89743589743589,0.0981
Legacy,61.21794871794872,0.0993
Legacy,61.53846153846154,0.0994
Legacy,61.858974358974365,0.0994
Legacy,62.17948717948718,0.0998
Legacy,62.5,0.1004
Legacy,62.82051282051282,0.1014
Legacy,63.141025641025635,0.1016
Legacy,63.46153846153846,0.1019
Legacy,63.78205128205128,0.1059
Legacy,64.1025641025641,0.106
Legacy,64.42307692307693,0.1069
Legacy,64.74358974358975,0.107
Legacy,65.06410256410257,0.1072
Legacy,65.38461538461539,0.1097
Legacy,65.7051282051282,0.1104
Legacy,66.02564102564102,0.1119
Legacy,66.34615384615384,0.1121
Legacy,66.66666666666666,0.1127
Legacy,66.98717948717949,0.1138
Legacy,67.3076923076923,0.1171
Legacy,67.62820512820514,0.1173
Legacy,67.94871794871796,0.1186
Legacy,68.26923076923077,0.1193
Legacy,68.58974358974359,0.1203
Legacy,68.91025641025641,0.121
Legacy,69.23076923076923,0.1233
Legacy,69.55128205128204,0.1242
Legacy,69.87179487179486,0.1246
Legacy,70.1923076923077,0.1247
Legacy,70.51282051282051,0.1265
Legacy,70.83333333333334,0.1268
Legacy,71.15384615384616,0.1275
Legacy,71.47435897435898,0.1295
Legacy,71.7948717948718,0.1304
Legacy,72.11538461538461,0.1315
Legacy,72.43589743589743,0.1347
Legacy,72.75641025641025,0.1442
Legacy,73.07692307692307,0.1444
Legacy,73.3974358974359,0.1473
Legacy,73.71794871794873,0.1488
Legacy,74.03846153846155,0.1496
Legacy,74.35897435897436,0.1507
Legacy,74.67948717948718,0.1508
Legacy,75.0,0.1515
Legacy,75.32051282051282,0.1531
Legacy,75.64102564102564,0.1562
Legacy,75.96153846153845,0.1597
Legacy,76.28205128205127,0.16
Legacy,76.6025641025641,0.1605
Legacy,76.92307692307693,0.1605
Legacy,77.24358974358975,0.1624
Legacy,77.56410256410257,0.1632
Legacy,77.88461538461539,0.1644
Legacy,78.2051282051282,0.1654
Legacy,78.52564102564102,0.1663
Legacy,78.84615384615384,0.1668
Legacy,79.16666666666666,0.1716
Legacy,79.48717948717949,0.172
Legacy,79.8076923076923,0.1733
Legacy,80.12820512820514,0.1739
Legacy,80.44871794871796,0.1753
Legacy,80.76923076923077,0.1832
Legacy,81.08974358974359,0.185
Legacy,81.41025641025641,0.1854
Legacy,81.73076923076923,0.1866
Legacy,82.05128205128204,0.1875
Legacy,82.37179487179486,0.1877
Legacy,82.6923076923077,0.1882
Legacy,83.01282051282051,0.1884
Legacy,83.33333333333334,0.1893
Legacy,83.65384615384616,0.1912
Legacy,83.97435897435898,0.193
Legacy,84.2948717948718,0.1966
Legacy,84.61538461538461,0.1998
Legacy,84.93589743589743,0.2
Legacy,85.25641025641025,0.2003
Legacy,85.57692307692307,0.201
Legacy,85.8974358974359,0.2123
Legacy,86.21794871794873,0.2133
Legacy,86.53846153846155,0.2141
Legacy,86.85897435897436,0.218
Legacy,87.17948717948718,0.22
Legacy,87.5,0.2202
Legacy,87.82051282051282,0.221
Legacy,88.14102564102564,0.2239
Legacy,88.46153846153845,0.2257
Legacy,88.78205128205127,0.2265
Legacy,89.1025641025641,0.2287
Legacy,89.42307692307693,0.2313
Legacy,89.74358974358975,0.2339
Legacy,90.06410256410257,0.2346
Legacy,90.38461538461539,0.2349
Legacy,90.7051282051282,0.2383
Legacy,91.02564102564102,0.24
Legacy,91.34615384615384,0.2409
Legacy,91.66666666666666,0.243
Legacy,91.98717948717949,0.254
Legacy,92.3076923076923,0.256
Legacy,92.62820512820514,0.2712
Legacy,92.94871794871796,0.2767
Legacy,93.26923076923077,0.2802
Legacy,93.58974358974359,0.2812
Legacy,93.91025641025641,0.2824
Legacy,94.23076923076923,0.2829
Legacy,94.55128205128204,0.285
Legacy,94.87179487179486,0.2992
Legacy,95.1923076923077,0.2994
Legacy,95.51282051282051,0.3004
Legacy,95.83333333333334,0.3071
Legacy,96.15384615384616,0.3166
Legacy,96.47435897435898,0.3167
Legacy,96.7948717948718,0.3464
Legacy,97.11538461538461,0.3822
Legacy,97.43589743589743,0.7416
Legacy,97.75641025641025,0.7461
Legacy,98.07692307692307,0.7478
Legacy,98.3974358974359,0.7479
Legacy,98.71794871794873,0.7493
Legacy,99.03846153846155,0.7544
Legacy,99.35897435897436,0.7549
Legacy,99.67948717948718,0.758
LexiMin,0.0,0.06707310670059112
LexiMin,0.3205128205128205,0.06707317112453548
LexiMin,0.641025641025641,0.06707317112453554
LexiMin,0.9615384615384616,0.06707317112453555
LexiMin,1.282051282051282,0.06707317112453558
LexiMin,1.6025641025641024,0.06707317112453558
LexiMin,1.9230769230769231,0.06707317112453569
LexiMin,2.2435897435897436,0.06707317112453569
LexiMin,2.564102564102564,0.0670731711245357
LexiMin,2.8846153846153846,0.0670731711245357
LexiMin,3.205128205128205,0.06707317112453572
LexiMin,3.5256410256410255,0.06707317112453573
LexiMin,3.8461538461538463,0.06707317112453577
LexiMin,4.166666666666666,0.06707317112453577
LexiMin,4.487179487179487,0.06707317112453579
LexiMin,4.807692307692308,0.0670731711245358
LexiMin,5.128205128205128,0.06707317112453581
LexiMin,5.448717948717949,0.06707317112453581
LexiMin,5.769230769230769,0.06707317112453584
LexiMin,6.089743589743589,0.06707317112453585
LexiMin,6.41025641025641,0.06707317112453585
LexiMin,6.730769230769231,0.06707317112453587
LexiMin,7.051282051282051,0.06707317112453588
LexiMin,7.371794871794872,0.06707317112453588
LexiMin,7.6923076923076925,0.06707317112453591
LexiMin,8.012820512820513,0.06707317112453592
LexiMin,8.333333333333332,0.06707317112453594
LexiMin,8.653846153846153,0.06707317112453594
LexiMin,8.974358974358974,0.06707317112453594
LexiMin,9.294871794871796,0.06707317112453594
LexiMin,9.615384615384617,0.06707317112453595
LexiMin,9.935897435897436,0.06707317112453598
LexiMin,10.256410256410255,0.067073171124536
LexiMin,10.576923076923077,0.06707317112453601
LexiMin,10.897435897435898,0.06707317112453601
LexiMin,11.217948717948719,0.06707317112453601
LexiMin,11.538461538461538,0.06707317112453602
LexiMin,11.858974358974358,0.06707317112453602
LexiMin,12.179487179487179,0.06707317112453606
LexiMin,12.5,0.06707317112453606
LexiMin,12.82051282051282,0.06707317112453606
LexiMin,13.141025641025642,0.06707317112453609
LexiMin,13.461538461538462,0.06707317112453612
LexiMin,13.782051282051283,0.06707317112453612
LexiMin,14.102564102564102,0.06707317112453612
LexiMin,14.423076923076922,0.06707317112453613
LexiMin,14.743589743589745,0.06707317112453616
LexiMin,15.064102564102564,0.06707317112453617
LexiMin,15.384615384615385,0.06707317112453617
LexiMin,15.705128205128204,0.06707317112453617
LexiMin,16.025641025641026,0.06707317112453619
LexiMin,16.346153846153847,0.06707317112453619
LexiMin,16.666666666666664,0.0670731711245362
LexiMin,16.98717948717949,0.0670731711245362
LexiMin,17.307692307692307,0.0670731711245362
LexiMin,17.628205128205128,0.0670731711245362
LexiMin,17.94871794871795,0.0670731711245362
LexiMin,18.269230769230766,0.0670731711245362
LexiMin,18.58974358974359,0.0670731711245362
LexiMin,18.91025641025641,0.06707317112453622
LexiMin,19.230769230769234,0.06707317112453622
LexiMin,19.55128205128205,0.06707317112453622
LexiMin,19.871794871794872,0.06707317112453622
LexiMin,20.192307692307693,0.06707317112453622
LexiMin,20.51282051282051,0.06707317112453622
LexiMin,20.833333333333336,0.06707317112453622
LexiMin,21.153846153846153,0.06707317112453623
LexiMin,21.474358974358974,0.06707317112453623
LexiMin,21.794871794871796,0.06707317112453623
LexiMin,22.115384615384613,0.06707317112453623
LexiMin,22.435897435897438,0.06707317112453623
LexiMin,22.756410256410255,0.06707317112453623
LexiMin,23.076923076923077,0.06707317112453623
LexiMin,23.397435897435898,0.06707317112453623
LexiMin,23.717948717948715,0.06707317112453623
LexiMin,24.03846153846154,0.06707317112453623
LexiMin,24.358974358974358,0.06707317112453623
LexiMin,24.679487179487182,0.06707317112453623
LexiMin,25.0,0.06707317112453623
LexiMin,25.320512820512818,0.06707317112453623
LexiMin,25.64102564102564,0.06707317112453623
LexiMin,25.961538461538463,0.06707317112453623
LexiMin,26.282051282051285,0.06707317112453623
LexiMin,26.602564102564102,0.06707317112453623
LexiMin,26.923076923076923,0.06707317112453623
LexiMin,27.24358974358974,0.06707317112453623
LexiMin,27.564102564102566,0.06707317112453623
LexiMin,27.884615384615387,0.06707317112453623
LexiMin,28.205128205128204,0.06707317112453623
LexiMin,28.525641025641026,0.06707317112453623
LexiMin,28.846153846153843,0.06707317112453623
LexiMin,29.166666666666668,0.06707317112453624
LexiMin,29.48717948717949,0.06707317112453624
LexiMin,29.807692307692307,0.06707317112453624
LexiMin,30.128205128205128,0.06707317112453624
LexiMin,30.448717948717945,0.06707317112453624
LexiMin,30.76923076923077,0.06707317112453624
LexiMin,31.08974358974359,0.06707317112453624
LexiMin,31.41025641025641,0.06707317112453624
LexiMin,31.73076923076923,0.06707317112453624
LexiMin,32.05128205128205,0.06707317112453624
LexiMin,32.371794871794876,0.06707317112453624
LexiMin,32.69230769230769,0.06707317112453624
LexiMin,33.01282051282051,0.06707317112453624
LexiMin,33.33333333333333,0.06707317112453624
LexiMin,33.65384615384615,0.06707317112453624
LexiMin,33.97435897435898,0.06707317112453624
LexiMin,34.294871794871796,0.06707317112453626
LexiMin,34.61538461538461,0.06707317112453626
LexiMin,34.93589743589743,0.06707317112453626
LexiMin,35.256410256410255,0.06707317112453627
LexiMin,35.57692307692308,0.06707317112453627
LexiMin,35.8974358974359,0.06707317112453627
LexiMin,36.217948717948715,0.06707317112453628
LexiMin,36.53846153846153,0.0670731711245363
LexiMin,36.858974358974365,0.0670731711245363
LexiMin,37.17948717948718,0.0670731711245363
LexiMin,37.5,0.0670731711245363
LexiMin,37.82051282051282,0.06707317112453631
LexiMin,38.141025641025635,0.06707317112453633
LexiMin,38.46153846153847,0.06707317112453633
LexiMin,38.782051282051285,0.06707317112453634
LexiMin,39.1025641025641,0.06707317112453634
LexiMin,39.42307692307692,0.06707317112453634
LexiMin,39.743589743589745,0.06707317112453635
LexiMin,40.06410256410257,0.06707317112453635
LexiMin,40.38461538461539,0.06707317112453637
LexiMin,40.705128205128204,0.06707317112453637
LexiMin,41.02564102564102,0.06707317112453637
LexiMin,41.34615384615385,0.06707317112453638
LexiMin,41.66666666666667,0.06707317112453638
LexiMin,41.98717948717949,0.06707317112453638
LexiMin,42.30769230769231,0.06707317112453638
LexiMin,42.628205128205124,0.0670731711245364
LexiMin,42.94871794871795,0.06707317112453641
LexiMin,43.269230769230774,0.06707317112453642
LexiMin,43.58974358974359,0.06707317112453642
LexiMin,43.91025641025641,0.06707317112453645
LexiMin,44.230769230769226,0.06707317112453645
LexiMin,44.55128205128205,0.06707317112453647
LexiMin,44.871794871794876,0.06707317112453647
LexiMin,45.19230769230769,0.0670731711245365
LexiMin,45.51282051282051,0.06707317112453651
LexiMin,45.83333333333333,0.06707317112453651
LexiMin,46.15384615384615,0.06707317112453652
LexiMin,46.47435897435898,0.06707317112453653
LexiMin,46.794871794871796,0.06707317112453655
LexiMin,47.11538461538461,0.06707317112453656
LexiMin,47.43589743589743,0.06707317112453658
LexiMin,47.756410256410255,0.06707317112453658
LexiMin,48.07692307692308,0.0670731711245366
LexiMin,48.3974358974359,0.0670731711245366
LexiMin,48.717948717948715,0.06707317112453665
LexiMin,49.03846153846153,0.06707317112453665
LexiMin,49.358974358974365,0.06707317112453665
LexiMin,49.67948717948718,0.06707317112453665
LexiMin,50.0,0.06707317112453674
LexiMin,50.32051282051282,0.0670731711245368
LexiMin,50.641025641025635,0.06707317112453699
LexiMin,50.96153846153846,0.06707317112453708
LexiMin,51.28205128205128,0.06707317112453709
LexiMin,51.60256410256411,0.06707317112453713
LexiMin,51.92307692307693,0.06707317112453746
LexiMin,52.243589743589745,0.06707317112453752
LexiMin,52.56410256410257,0.07097908878114816
LexiMin,52.88461538461539,0.0709791584258699
LexiMin,53.205128205128204,0.07097915842587012
LexiMin,53.52564102564102,0.07097915842587023
LexiMin,53.84615384615385,0.07097915842587026
LexiMin,54.166666666666664,0.07097915842587033
LexiMin,54.48717948717948,0.07097915842587046
LexiMin,54.807692307692314,0.07097915842587049
LexiMin,55.12820512820513,0.0709791584258705
LexiMin,55.44871794871795,0.0709791584258705
LexiMin,55.769230769230774,0.0709791584258706
LexiMin,56.08974358974359,0.0709791584258706
LexiMin,56.41025641025641,0.07097915842587062
LexiMin,56.730769230769226,0.07097915842587063
LexiMin,57.05128205128205,0.07097915842587066
LexiMin,57.37179487179487,0.0709791584258707
LexiMin,57.692307692307686,0.0709791584258707
LexiMin,58.01282051282052,0.0709791584258707
LexiMin,58.333333333333336,0.07097915842587071
LexiMin,58.65384615384615,0.07097915842587073
LexiMin,58.97435897435898,0.07097915842587076
LexiMin,59.294871794871796,0.07097915842587076
LexiMin,59.61538461538461,0.07097915842587078
LexiMin,59.93589743589743,0.07097915842587083
LexiMin,60.256410256410255,0.07097915842587085
LexiMin,60.57692307692307,0.07097915842587087
LexiMin,60.89743589743589,0.07097915842587087
LexiMin,61.21794871794872,0.07097915842587088
LexiMin,61.53846153846154,0.07097915842587088
LexiMin,61.858974358974365,0.07097915842587091
LexiMin,62.17948717948718,0.07097915842587091
LexiMin,62.5,0.07097915842587091
LexiMin,62.82051282051282,0.07097915842587092
LexiMin,63.141025641025635,0.07097915842587094
LexiMin,63.46153846153846,0.07097915842587094
LexiMin,63.78205128205128,0.07097915842587095
LexiMin,64.1025641025641,0.07097915842587095
LexiMin,64.42307692307693,0.07097915842587095
LexiMin,64.74358974358975,0.07097915842587095
LexiMin,65.06410256410257,0.07097915842587096
LexiMin,65.38461538461539,0.07097915842587096
LexiMin,65.7051282051282,0.07097915842587098
LexiMin,66.02564102564102,0.07097915842587098
LexiMin,66.34615384615384,0.07097915842587098
LexiMin,66.66666666666666,0.07097915842587098
LexiMin,66.98717948717949,0.07097915842587098
LexiMin,67.3076923076923,0.07097915842587098
LexiMin,67.62820512820514,0.07097915842587099
LexiMin,67.94871794871796,0.07097915842587099
LexiMin,68.26923076923077,0.07097915842587099
LexiMin,68.58974358974359,0.07097915842587099
LexiMin,68.91025641025641,0.07097915842587099
LexiMin,69.23076923076923,0.07097915842587099
LexiMin,69.55128205128204,0.07097915842587099
LexiMin,69.87179487179486,0.07097915842587099
LexiMin,70.1923076923077,0.07097915842587099
LexiMin,70.51282051282051,0.07097915842587099
LexiMin,70.83333333333334,0.07097915842587099
LexiMin,71.15384615384616,0.07097915842587099
LexiMin,71.47435897435898,0.07097915842587099
LexiMin,71.7948717948718,0.07097915842587099
LexiMin,72.11538461538461,0.070979158425871
LexiMin,72.43589743589743,0.070979158425871
LexiMin,72.75641025641025,0.070979158425871
LexiMin,73.07692307692307,0.070979158425871
LexiMin,73.3974358974359,0.07097915842587102
LexiMin,73.71794871794873,0.07097915842587102
LexiMin,74.03846153846155,0.07097915842587103
LexiMin,74.35897435897436,0.07097915842587103
LexiMin,74.67948717948718,0.07097915842587103
LexiMin,75.0,0.07097915842587103
LexiMin,75.32051282051282,0.07097915842587103
LexiMin,75.64102564102564,0.07097915842587106
LexiMin,75.96153846153845,0.07097915842587106
LexiMin,76.28205128205127,0.07097915842587108
LexiMin,76.6025641025641,0.07097915842587108
LexiMin,76.92307692307693,0.07097915842587109
LexiMin,77.24358974358975,0.07097915842587109
LexiMin,77.56410256410257,0.0709791584258711
LexiMin,77.88461538461539,0.07097915842587113
LexiMin,78.2051282051282,0.07097915842587113
LexiMin,78.52564102564102,0.07097915842587114
LexiMin,78.84615384615384,0.07097915842587116
LexiMin,79.16666666666666,0.07097915842587117
LexiMin,79.48717948717949,0.07097915842587119
LexiMin,79.8076923076923,0.07097915842587119
LexiMin,80.12820512820514,0.07097915842587123
LexiMin,80.44871794871796,0.07097915842587123
LexiMin,80.76923076923077,0.07097915842587124
LexiMin,81.08974358974359,0.07097915842587126
LexiMin,81.41025641025641,0.07097915842587128
LexiMin,81.73076923076923,0.0709791584258713
LexiMin,82.05128205128204,0.07097915842587132
LexiMin,82.37179487179486,0.07097915842587134
LexiMin,82.6923076923077,0.07097915842587135
LexiMin,83.01282051282051,0.07097915842587138
LexiMin,83.33333333333334,0.07097915842587141
LexiMin,83.65384615384616,0.07097915842587142
LexiMin,83.97435897435898,0.07097915842587146
LexiMin,84.2948717948718,0.07097915842587148
LexiMin,84.61538461538461,0.07097915842587155
LexiMin,84.93589743589743,0.07097915842587156
LexiMin,85.25641025641025,0.07097915842587157
LexiMin,85.57692307692307,0.07097915842587167
LexiMin,85.8974358974359,0.07097915842587196
LexiMin,86.21794871794873,0.07097915842587223
LexiMin,86.53846153846155,0.07097927227522935
LexiMin,86.85897435897436,0.07981320917770017
LexiMin,87.17948717948718,0.07981320917770054
LexiMin,87.5,0.07981320917770056
LexiMin,87.82051282051282,0.07981320917770063
LexiMin,88.14102564102564,0.07981320917770064
LexiMin,88.46153846153845,0.0798132091777007
LexiMin,88.78205128205127,0.0798132091777008
LexiMin,89.1025641025641,0.07981320917770092
LexiMin,89.42307692307693,0.09792037277850262
LexiMin,89.74358974358975,0.09792037277850267
LexiMin,90.06410256410257,0.0979203727785027
LexiMin,90.38461538461539,0.09792037277850316
LexiMin,90.7051282051282,0.09792037277850318
LexiMin,91.02564102564102,0.09792037277850336
LexiMin,91.34615384615384,0.09792037277850342
LexiMin,91.66666666666666,0.09792037277850343
LexiMin,91.98717948717949,0.09792037277850373
LexiMin,92.3076923076923,0.09887232353418085
LexiMin,92.62820512820514,0.19074213582825938
LexiMin,92.94871794871796,0.19074213582825994
LexiMin,93.26923076923077,0.19098491015735145
LexiMin,93.58974358974359,0.3831467399240862
LexiMin,93.91025641025641,0.3831467399240864
LexiMin,94.23076923076923,0.3831467399240871
LexiMin,94.55128205128204,0.43601714670049274
LexiMin,94.87179487179486,0.5037029373506814
LexiMin,95.1923076923077,0.5038833609271811
LexiMin,95.51282051282051,0.5164338458951746
LexiMin,95.83333333333334,0.516433845895175
LexiMin,96.15384615384616,0.5164341301827217
LexiMin,96.47435897435898,0.6985840350364961
LexiMin,96.7948717948718,0.6985840350364965
LexiMin,97.11538461538461,0.7836126935222777
LexiMin,97.43589743589743,0.8946561526030751
LexiMin,97.75641025641025,0.9965950447036055
LexiMin,98.07692307692307,0.9998371763405591
LexiMin,98.3974358974359,0.9998848464847812
LexiMin,98.71794871794873,1.0
LexiMin,99.03846153846155,1.0
LexiMin,99.35897435897436,1.0
LexiMin,99.67948717948718,1.0
k/n,0.0,0.11217948717948718
k/n,0.3205128205128205,0.11217948717948718
k/n,0.641025641025641,0.11217948717948718
k/n,0.9615384615384616,0.11217948717948718
k/n,1.282051282051282,0.11217948717948718
k/n,1.6025641025641024,0.11217948717948718
k/n,1.9230769230769231,0.11217948717948718
k/n,2.2435897435897436,0.11217948717948718
k/n,2.564102564102564,0.11217948717948718
k/n,2.8846153846153846,0.11217948717948718
k/n,3.205128205128205,0.11217948717948718
k/n,3.5256410256410255,0.11217948717948718
k/n,3.8461538461538463,0.11217948717948718
k/n,4.166666666666666,0.11217948717948718
k/n,4.487179487179487,0.11217948717948718
k/n,4.807692307692308,0.11217948717948718
k/n,5.128205128205128,0.11217948717948718
k/n,5.448717948717949,0.11217948717948718
k/n,5.769230769230769,0.11217948717948718
k/n,6.089743589743589,0.11217948717948718
k/n,6.41025641025641,0.11217948717948718
k/n,6.730769230769231,0.11217948717948718
k/n,7.051282051282051,0.11217948717948718
k/n,7.371794871794872,0.11217948717948718
k/n,7.6923076923076925,0.11217948717948718
k/n,8.012820512820513,0.11217948717948718
k/n,8.333333333333332,0.11217948717948718
k/n,8.653846153846153,0.11217948717948718
k/n,8.974358974358974,0.11217948717948718
k/n,9.294871794871796,0.11217948717948718
k/n,9.615384615384617,0.11217948717948718
k/n,9.935897435897436,0.11217948717948718
k/n,10.256410256410255,0.11217948717948718
k/n,10.576923076923077,0.11217948717948718
k/n,10.897435897435898,0.11217948717948718
k/n,11.217948717948719,0.11217948717948718
k/n,11.538461538461538,0.11217948717948718
k/n,11.858974358974358,0.11217948717948718
k/n,12.179487179487179,0.11217948717948718
k/n,12.5,0.11217948717948718
k/n,12.82051282051282,0.11217948717948718
k/n,13.141025641025642,0.11217948717948718
k/n,13.461538461538462,0.11217948717948718
k/n,13.782051282051283,0.11217948717948718
k/n,14.102564102564102,0.11217948717948718
k/n,14.423076923076922,0.11217948717948718
k/n,14.743589743589745,0.11217948717948718
k/n,15.064102564102564,0.11217948717948718
k/n,15.384615384615385,0.11217948717948718
k/n,15.705128205128204,0.11217948717948718
k/n,16.025641025641026,0.11217948717948718
k/n,16.346153846153847,0.11217948717948718
k/n,16.666666666666664,0.11217948717948718
k/n,16.98717948717949,0.11217948717948718
k/n,17.307692307692307,0.11217948717948718
k/n,17.628205128205128,0.11217948717948718
k/n,17.94871794871795,0.11217948717948718
k/n,18.269230769230766,0.11217948717948718
k/n,18.58974358974359,0.11217948717948718
k/n,18.91025641025641,0.11217948717948718
k/n,19.230769230769234,0.11217948717948718
k/n,19.55128205128205,0.11217948717948718
k/n,19.871794871794872,0.11217948717948718
k/n,20.192307692307693,0.11217948717948718
k/n,20.51282051282051,0.11217948717948718
k/n,20.833333333333336,0.11217948717948718
k/n,21.153846153846153,0.11217948717948718
k/n,21.474358974358974,0.11217948717948718
k/n,21.794871794871796,0.11217948717948718
k/n,22.115384615384613,0.11217948717948718
k/n,22.435897435897438,0.11217948717948718
k/n,22.756410256410255,0.11217948717948718
k/n,23.076923076923077,0.11217948717948718
k/n,23.397435897435898,0.11217948717948718
k/n,23.717948717948715,0.11217948717948718
k/n,24.03846153846154,0.11217948717948718
k/n,24.358974358974358,0.11217948717948718
k/n,24.679487179487182,0.11217948717948718
k/n,25.0,0.11217948717948718
k/n,25.320512820512818,0.11217948717948718
k/n,25.64102564102564,0.11217948717948718
k/n,25.961538461538463,0.11217948717948718
k/n,26.282051282051285,0.11217948717948718
k/n,26.602564102564102,0.11217948717948718
k/n,26.923076923076923,0.11217948717948718
k/n,27.24358974358974,0.11217948717948718
k/n,27.564102564102566,0.11217948717948718
k/n,27.884615384615387,0.11217948717948718
k/n,28.205128205128204,0.11217948717948718
k/n,28.525641025641026,0.11217948717948718
k/n,28.846153846153843,0.11217948717948718
k/n,29.166666666666668,0.11217948717948718
k/n,29.48717948717949,0.11217948717948718
k/n,29.807692307692307,0.11217948717948718
k/n,30.128205128205128,0.11217948717948718
k/n,30.448717948717945,0.11217948717948718
k/n,30.76923076923077,0.11217948717948718
k/n,31.08974358974359,0.11217948717948718
k/n,31.41025641025641,0.11217948717948718
k/n,31.73076923076923,0.11217948717948718
k/n,32.05128205128205,0.11217948717948718
k/n,32.371794871794876,0.11217948717948718
k/n,32.69230769230769,0.11217948717948718
k/n,33.01282051282051,0.11217948717948718
k/n,33.33333333333333,0.11217948717948718
k/n,33.65384615384615,0.11217948717948718
k/n,33.97435897435898,0.11217948717948718
k/n,34.294871794871796,0.11217948717948718
k/n,34.61538461538461,0.11217948717948718
k/n,34.93589743589743,0.11217948717948718
k/n,35.256410256410255,0.11217948717948718
k/n,35.57692307692308,0.11217948717948718
k/n,35.8974358974359,0.11217948717948718
k/n,36.217948717948715,0.11217948717948718
k/n,36.53846153846153,0.11217948717948718
k/n,36.858974358974365,0.11217948717948718
k/n,37.17948717948718,0.11217948717948718
k/n,37.5,0.11217948717948718
k/n,37.82051282051282,0.11217948717948718
k/n,38.141025641025635,0.11217948717948718
k/n,38.46153846153847,0.11217948717948718
k/n,38.782051282051285,0.11217948717948718
k/n,39.1025641025641,0.11217948717948718
k/n,39.42307692307692,0.11217948717948718
k/n,39.743589743589745,0.11217948717948718
k/n,40.06410256410257,0.11217948717948718
k/n,40.38461538461539,0.11217948717948718
k/n,40.705128205128204,0.11217948717948718
k/n,41.02564102564102,0.11217948717948718
k/n,41.34615384615385,0.11217948717948718
k/n,41.66666666666667,0.11217948717948718
k/n,41.98717948717949,0.11217948717948718
k/n,42.30769230769231,0.11217948717948718
k/n,42.628205128205124,0.11217948717948718
k/n,42.94871794871795,0.11217948717948718
k/n,43.269230769230774,0.11217948717948718
k/n,43.58974358974359,0.11217948717948718
k/n,43.91025641025641,0.11217948717948718
k/n,44.230769230769226,0.11217948717948718
k/n,44.55128205128205,0.11217948717948718
k/n,44.871794871794876,0.11217948717948718
k/n,45.19230769230769,0.11217948717948718
k/n,45.51282051282051,0.11217948717948718
k/n,45.83333333333333,0.11217948717948718
k/n,46.15384615384615,0.11217948717948718
k/n,46.47435897435898,0.11217948717948718
k/n,46.794871794871796,0.11217948717948718
k/n,47.11538461538461,0.11217948717948718
k/n,47.43589743589743,0.11217948717948718
k/n,47.756410256410255,0.11217948717948718
k/n,48.07692307692308,0.11217948717948718
k/n,48.3974358974359,0.11217948717948718
k/n,48.717948717948715,0.11217948717948718
k/n,49.03846153846153,0.11217948717948718
k/n,49.358974358974365,0.11217948717948718
k/n,49.67948717948718,0.11217948717948718
k/n,50.0,0.11217948717948718
k/n,50.32051282051282,0.11217948717948718
k/n,50.641025641025635,0.11217948717948718
k/n,50.96153846153846,0.11217948717948718
k/n,51.28205128205128,0.11217948717948718
k/n,51.60256410256411,0.11217948717948718
k/n,51.92307692307693,0.11217948717948718
k/n,52.243589743589745,0.11217948717948718
k/n,52.56410256410257,0.11217948717948718
k/n,52.88461538461539,0.11217948717948718
k/n,53.205128205128204,0.11217948717948718
k/n,53.52564102564102,0.11217948717948718
k/n,53.84615384615385,0.11217948717948718
k/n,54.166666666666664,0.11217948717948718
k/n,54.48717948717948,0.11217948717948718
k/n,54.807692307692314,0.11217948717948718
k/n,55.12820512820513,0.11217948717948718
k/n,55.44871794871795,0.11217948717948718
k/n,55.769230769230774,0.11217948717948718
k/n,56.08974358974359,0.11217948717948718
k/n,56.41025641025641,0.11217948717948718
k/n,56.730769230769226,0.11217948717948718
k/n,57.05128205128205,0.11217948717948718
k/n,57.37179487179487,0.11217948717948718
k/n,57.692307692307686,0.11217948717948718
k/n,58.01282051282052,0.11217948717948718
k/n,58.333333333333336,0.11217948717948718
k/n,58.65384615384615,0.11217948717948718
k/n,58.97435897435898,0.11217948717948718
k/n,59.294871794871796,0.11217948717948718
k/n,59.61538461538461,0.11217948717948718
k/n,59.93589743589743,0.11217948717948718
k/n,60.256410256410255,0.11217948717948718
k/n,60.57692307692307,0.11217948717948718
k/n,60.89743589743589,0.11217948717948718
k/n,61.21794871794872,0.11217948717948718
k/n,61.53846153846154,0.11217948717948718
k/n,61.858974358974365,0.11217948717948718
k/n,62.17948717948718,0.11217948717948718
k/n,62.5,0.11217948717948718
k/n,62.82051282051282,0.11217948717948718
k/n,63.141025641025635,0.11217948717948718
k/n,63.46153846153846,0.11217948717948718
k/n,63.78205128205128,0.11217948717948718
k/n,64.1025641025641,0.11217948717948718
k/n,64.42307692307693,0.11217948717948718
k/n,64.74358974358975,0.11217948717948718
k/n,65.06410256410257,0.11217948717948718
k/n,65.38461538461539,0.11217948717948718
k/n,65.7051282051282,0.11217948717948718
k/n,66.02564102564102,0.11217948717948718
k/n,66.34615384615384,0.11217948717948718
k/n,66.66666666666666,0.11217948717948718
k/n,66.98717948717949,0.11217948717948718
k/n,67.3076923076923,0.11217948717948718
k/n,67.62820512820514,0.11217948717948718
k/n,67.94871794871796,0.11217948717948718
k/n,68.26923076923077,0.11217948717948718
k/n,68.58974358974359,0.11217948717948718
k/n,68.91025641025641,0.11217948717948718
k/n,69.23076923076923,0.11217948717948718
k/n,69.55128205128204,0.11217948717948718
k/n,69.87179487179486,0.11217948717948718
k/n,70.1923076923077,0.11217948717948718
k/n,70.51282051282051,0.11217948717948718
k/n,70.83333333333334,0.11217948717948718
k/n,71.15384615384616,0.11217948717948718
k/n,71.47435897435898,0.11217948717948718
k/n,71.7948717948718,0.11217948717948718
k/n,72.11538461538461,0.11217948717948718
k/n,72.43589743589743,0.11217948717948718
k/n,72.75641025641025,0.11217948717948718
k/n,73.07692307692307,0.11217948717948718
k/n,73.3974358974359,0.11217948717948718
k/n,73.71794871794873,0.11217948717948718
k/n,74.03846153846155,0.11217948717948718
k/n,74.35897435897436,0.11217948717948718
k/n,74.67948717948718,0.11217948717948718
k/n,75.0,0.11217948717948718
k/n,75.32051282051282,0.11217948717948718
k/n,75.64102564102564,0.11217948717948718
k/n,75.96153846153845,0.11217948717948718
k/n,76.28205128205127,0.11217948717948718
k/n,76.6025641025641,0.11217948717948718
k/n,76.92307692307693,0.11217948717948718
k/n,77.24358974358975,0.11217948717948718
k/n,77.56410256410257,0.11217948717948718
k/n,77.88461538461539,0.11217948717948718
k/n,78.2051282051282,0.11217948717948718
k/n,78.52564102564102,0.11217948717948718
k/n,78.84615384615384,0.11217948717948718
k/n,79.16666666666666,0.11217948717948718
k/n,79.48717948717949,0.11217948717948718
k/n,79.8076923076923,0.11217948717948718
k/n,80.12820512820514,0.11217948717948718
k/n,80.44871794871796,0.11217948717948718
k/n,80.76923076923077,0.11217948717948718
k/n,81.08974358974359,0.11217948717948718
k/n,81.41025641025641,0.11217948717948718
k/n,81.73076923076923,0.11217948717948718
k/n,82.05128205128204,0.11217948717948718
k/n,82.37179487179486,0.11217948717948718
k/n,82.6923076923077,0.11217948717948718
k/n,83.01282051282051,0.11217948717948718
k/n,83.33333333333334,0.11217948717948718
k/n,83.65384615384616,0.11217948717948718
k/n,83.97435897435898,0.11217948717948718
k/n,84.2948717948718,0.11217948717948718
k/n,84.61538461538461,0.11217948717948718
k/n,84.93589743589743,0.11217948717948718
k/n,85.25641025641025,0.11217948717948718
k/n,85.57692307692307,0.11217948717948718
k/n,85.8974358974359,0.11217948717948718
k/n,86.21794871794873,0.11217948717948718
k/n,86.53846153846155,0.11217948717948718
k/n,86.85897435897436,0.11217948717948718
k/n,87.17948717948718,0.11217948717948718
k/n,87.5,0.11217948717948718
k/n,87.82051282051282,0.11217948717948718
k/n,88.14102564102564,0.11217948717948718
k/n,88.46153846153845,0.11217948717948718
k/n,88.78205128205127,0.11217948717948718
k/n,89.1025641025641,0.11217948717948718
k/n,89.42307692307693,0.11217948717948718
k/n,89.74358974358975,0.11217948717948718
k/n,90.06410256410257,0.11217948717948718
k/n,90.38461538461539,0.11217948717948718
k/n,90.7051282051282,0.11217948717948718
k/n,91.02564102564102,0.11217948717948718
k/n,91.34615384615384,0.11217948717948718
k/n,91.66666666666666,0.11217948717948718
k/n,91.98717948717949,0.11217948717948718
k/n,92.3076923076923,0.11217948717948718
k/n,92.62820512820514,0.11217948717948718
k/n,92.94871794871796,0.11217948717948718
k/n,93.26923076923077,0.11217948717948718
k/n,93.58974358974359,0.11217948717948718
k/n,93.91025641025641,0.11217948717948718
k/n,94.23076923076923,0.11217948717948718
k/n,94.55128205128204,0.11217948717948718
k/n,94.87179487179486,0.11217948717948718
k/n,95.1923076923077,0.11217948717948718
k/n,95.51282051282051,0.11217948717948718
k/n,95.83333333333334,0.11217948717948718
k/n,96.15384615384616,0.11217948717948718
k/n,96.47435897435898,0.11217948717948718
k/n,96.7948717948718,0.11217948717948718
k/n,97.11538461538461,0.11217948717948718
k/n,97.43589743589743,0.11217948717948718
k/n,97.75641025641025,0.11217948717948718
k/n,98.07692307692307,0.11217948717948718
k/n,98.3974358974359,0.11217948717948718
k/n,98.71794871794873,0.11217948717948718
k/n,99.03846153846155,0.11217948717948718
k/n,99.35897435897436,0.11217948717948718
k/n,99.67948717948718,0.11217948717948718
