instance:	sf_a
pool size n:	312
panel size k:	35
# quota categories:	6
mean selection probability k/n:	11.2%
LEGACY minimum probability:	â‰¤ 0.32% (99% upper confidence bound based on Jeffreys interval for a binomial parameter, calculated from sample proportion 0.0020 and sample size 10,000)
LEXIMIN minimum probability (exact):	6.7%
gini coefficient of LEGACY:	51.2%
gini coefficient of LEXIMIN:	37.3%
geometric mean of LEGACY:	6.5%
geometric mean of LEXIMIN:	8.1%
share selected by LEGACY with probability below LEXIMIN minimum selection probability:	47.1%
Plot of probability allocation created at analysis/sf_a_35_prob_allocs.pdf.
Plot of ratio products created at analysis/sf_a_35_ratio_product.pdf.
Out of 3 runs, LEXIMIN took a median running time of 19.6 seconds.
