instance:	sf_d
pool size n:	404
panel size k:	40
# quota categories:	6
mean selection probability k/n:	9.9%
LEGACY minimum probability:	â‰¤ 0.11% (99% upper confidence bound based on Jeffreys interval for a binomial parameter, calculated from sample proportion 0.0004 and sample size 10,000)
LEXIMIN minimum probability (exact):	4.7%
gini coefficient of LEGACY:	59.3%
gini coefficient of LEXIMIN:	48.7%
geometric mean of LEGACY:	3.5%
geometric mean of LEXIMIN:	6.0%
share selected by LEGACY with probability below LEXIMIN minimum selection probability:	38.6%
Plot of probability allocation created at analysis/sf_d_40_prob_allocs.pdf.
Plot of ratio products created at analysis/sf_d_40_ratio_product.pdf.
Out of 3 runs, LEXIMIN took a median running time of 46.2 seconds.
